2026-08-09T07:19:34.789 [Information] Host Status: {
  "id": "tripto-function",
  "state": "Running",
  "version": "4.1052.300.26370",
  "versionDetails": "4.1052.300+00515b21db39db50346f38f951eceb85fdbd05d4",
  "platformVersion": "109.0.7.36",
  "instanceId": "0f3350851cf749bb78471d224b50a74cc697fb02885af58ab1b373cd8aad2fa8",
  "computerName": "10-30-1-254",
  "processUptime": 343339,
  "functionAppContentEditingState": "Unknown",
  "extensionBundle": {
    "id": "Microsoft.Azure.Functions.ExtensionBundle",
    "version": "4.32.0"
  }
}
2026-08-09T07:19:36.459 [Information] Host lock lease acquired by instance ID '0f3350851cf749bb78471d224b50a74c'.
2026-08-09T07:19:49.108 [Information] Host Status: {
  "id": "tripto-function",
  "state": "Running",
  "version": "4.1052.300.26370",
  "versionDetails": "4.1052.300+00515b21db39db50346f38f951eceb85fdbd05d4",
  "platformVersion": "109.0.7.36",
  "instanceId": "0f3350851cf749bb78471d224b50a74cc697fb02885af58ab1b373cd8aad2fa8",
  "computerName": "10-30-1-254",
  "processUptime": 357667,
  "functionAppContentEditingState": "Unknown",
  "extensionBundle": {
    "id": "Microsoft.Azure.Functions.ExtensionBundle",
    "version": "4.32.0"
  }
}
2026-08-09T07:19:50.894 [Information] Host Status: {
  "id": "tripto-function",
  "state": "Running",
  "version": "4.1052.300.26370",
  "versionDetails": "4.1052.300+00515b21db39db50346f38f951eceb85fdbd05d4",
  "platformVersion": "109.0.7.36",
  "instanceId": "0f3350851cf749bb78471d224b50a74cc697fb02885af58ab1b373cd8aad2fa8",
  "computerName": "10-30-1-254",
  "processUptime": 359452,
  "functionAppContentEditingState": "Unknown",
  "extensionBundle": {
    "id": "Microsoft.Azure.Functions.ExtensionBundle",
    "version": "4.32.0"
  }
}
2026-08-09T07:20:01.571 [Information] HttpOptions
{
  "DynamicThrottlesEnabled": true,
  "EnableChunkedRequestBinding": false,
  "MaxConcurrentRequests": 100,
  "MaxOutstandingRequests": 200,
  "RoutePrefix": "api"
}
2026-08-09T07:20:01.571 [Information] ConcurrencyOptions
{
  "DynamicConcurrencyEnabled": false,
  "MaximumFunctionConcurrency": 500,
  "CPUThreshold": 0.8,
  "SnapshotPersistenceEnabled": true
}
2026-08-09T07:28:11.025 [Information] Stopping JobHost
2026-08-09T07:28:11.026 [Information] Stopping the listener 'Microsoft.Azure.WebJobs.Extensions.EventGrid.EventGridListener' for function 'BlobEventHandler'
2026-08-09T07:28:11.026 [Information] Stopped the listener 'Microsoft.Azure.WebJobs.Extensions.EventGrid.EventGridListener' for function 'BlobEventHandler'
2026-08-09T07:28:11.026 [Information] Job host stopped
